// Jest Snapshot v1, https://goo.gl/fbAQLP

exports[`blipp / prints routes 1`] = `
"[32mGET[39m	/hello/[90m:username[39m
[32mPOST[39m	/hello
"
`;
